******************************************************************************
                  TI ARM Linker PC v17.6.0                     
******************************************************************************
>> Linked Mon Apr  8 23:11:50 2019

OUTPUT FILE NAME:   <Led_Intermitente.out>
ENTRY POINT SYMBOL: "_c_int00"  address: 0000084d


MEMORY CONFIGURATION

         name            origin    length      used     unused   attr    fill
----------------------  --------  ---------  --------  --------  ----  --------
  FLASH                 00000000   00040000  000009a2  0003f65e  R  X
  SRAM                  20000000   00008000  00000214  00007dec  RW X


SEGMENT ALLOCATION MAP

run origin  load origin   length   init length attrs members
----------  ----------- ---------- ----------- ----- -------
00000000    00000000    000009a8   000009a8    r-x
  00000000    00000000    0000026c   0000026c    r-- .intvecs
  0000026c    0000026c    000006aa   000006aa    r-x .text
  00000918    00000918    0000006c   0000006c    r-- .const
  00000988    00000988    00000020   00000020    r-- .cinit
20000000    20000000    00000214   00000000    rw-
  20000000    20000000    00000200   00000000    rw- .stack
  20000200    20000200    00000014   00000000    rw- .data


SECTION ALLOCATION MAP

 output                                  attributes/
section   page    origin      length       input sections
--------  ----  ----------  ----------   ----------------
.intvecs   0    00000000    0000026c     
                  00000000    0000026c     tm4c123gh6pm_startup_ccs.obj (.intvecs)

.text      0    0000026c    000006aa     
                  0000026c    00000132     driverlib.lib : gpio.obj (.text:GPIOPadConfigSet)
                  0000039e    00000002     rtsv7M4_T_le_v4SPD16_eabi.lib : startup.obj (.text)
                  000003a0    00000110     driverlib.lib : sysctl.obj (.text:SysCtlClockGet)
                  000004b0    000000f4                   : sysctl.obj (.text:SysCtlClockSet)
                  000005a4    0000009c     rtsv7M4_T_le_v4SPD16_eabi.lib : memcpy_t2.obj (.text)
                  00000640    00000070                                   : autoinit.obj (.text)
                  000006b0    00000068                                   : copy_decompress_lzss.obj (.text:decompress:lzss)
                  00000718    00000060     main.obj (.text)
                  00000778    00000054     rtsv7M4_T_le_v4SPD16_eabi.lib : exit.obj (.text)
                  000007cc    0000004c                                   : cpy_tbl.obj (.text)
                  00000818    00000034     driverlib.lib : sysctl.obj (.text:SysCtlPeripheralEnable)
                  0000084c    00000030     rtsv7M4_T_le_v4SPD16_eabi.lib : boot_cortex_m.obj (.text)
                  0000087c    0000002c     driverlib.lib : gpio.obj (.text:GPIODirModeSet)
                  000008a8    00000018                   : gpio.obj (.text:GPIOPinTypeGPIOOutput)
                  000008c0    00000018     rtsv7M4_T_le_v4SPD16_eabi.lib : args_main.obj (.text)
                  000008d8    00000014                                   : _lock.obj (.text)
                  000008ec    0000000e                                   : copy_decompress_none.obj (.text:decompress:none)
                  000008fa    0000000c     tm4c123gh6pm_startup_ccs.obj (.text)
                  00000906    00000006     driverlib.lib : gpio.obj (.text:GPIOPinWrite)
                  0000090c    00000006                   : sysctl.obj (.text:SysCtlDelay)
                  00000912    00000004     rtsv7M4_T_le_v4SPD16_eabi.lib : pre_init.obj (.text)

.const     0    00000918    0000006c     
                  00000918    0000006c     driverlib.lib : sysctl.obj (.const:g_pui32Xtals)

.cinit     0    00000988    00000020     
                  00000988    0000000e     (.cinit..data.load) [load image, compression = lzss]
                  00000996    00000002     --HOLE-- [fill = 0]
                  00000998    00000008     (__TI_handler_table)
                  000009a0    00000008     (__TI_cinit_table)

.init_array 
*          0    00000000    00000000     UNINITIALIZED

.data      0    20000200    00000014     UNINITIALIZED
                  20000200    0000000c     rtsv7M4_T_le_v4SPD16_eabi.lib : exit.obj (.data:$O1$$)
                  2000020c    00000008                                   : _lock.obj (.data:$O1$$)

.stack     0    20000000    00000200     UNINITIALIZED
                  20000000    00000004     rtsv7M4_T_le_v4SPD16_eabi.lib : boot_cortex_m.obj (.stack)
                  20000004    000001fc     --HOLE--

MODULE SUMMARY

       Module                         code   ro data   rw data
       ------                         ----   -------   -------
    .\
       tm4c123gh6pm_startup_ccs.obj   12     620       0      
       main.obj                       96     0         0      
    +--+------------------------------+------+---------+---------+
       Total:                         108    620       0      
                                                              
    C:/ti/TivaWare_C_Series-2.1.4.178/driverlib/ccs/Debug/driverlib.lib
       sysctl.obj                     574    108       0      
       gpio.obj                       380    0         0      
    +--+------------------------------+------+---------+---------+
       Total:                         954    108       0      
                                                              
    C:\ti\ccsv7\tools\compiler\ti-cgt-arm_17.6.0.STS\lib\rtsv7M4_T_le_v4SPD16_eabi.lib
       memcpy_t2.obj                  156    0         0      
       autoinit.obj                   112    0         0      
       copy_decompress_lzss.obj       104    0         0      
       exit.obj                       84     0         12     
       cpy_tbl.obj                    76     0         0      
       boot_cortex_m.obj              48     0         0      
       _lock.obj                      20     0         8      
       args_main.obj                  24     0         0      
       copy_decompress_none.obj       14     0         0      
       pre_init.obj                   4      0         0      
       startup.obj                    2      0         0      
    +--+------------------------------+------+---------+---------+
       Total:                         644    0         20     
                                                              
       Stack:                         0      0         512    
       Linker Generated:              0      30        0      
    +--+------------------------------+------+---------+---------+
       Grand Total:                   1706   758       532    


LINKER GENERATED COPY TABLES

__TI_cinit_table @ 000009a0 records: 1, size/record: 8, table size: 8
	.data: load addr=00000988, load size=0000000e bytes, run addr=20000200, run size=00000014 bytes, compression=lzss


LINKER GENERATED HANDLER TABLE

__TI_handler_table @ 00000998 records: 2, size/record: 4, table size: 8
	index: 0, handler: __TI_decompress_lzss
	index: 1, handler: __TI_decompress_none


GLOBAL SYMBOLS: SORTED ALPHABETICALLY BY Name 

address   name                           
-------   ----                           
00000779  C$$EXIT                        
0000087d  GPIODirModeSet                 
0000026d  GPIOPadConfigSet               
000008a9  GPIOPinTypeGPIOOutput          
00000907  GPIOPinWrite                   
000008fb  ResetISR                       
UNDEFED   SHT$$INIT_ARRAY$$Base          
UNDEFED   SHT$$INIT_ARRAY$$Limit         
000003a1  SysCtlClockGet                 
000004b1  SysCtlClockSet                 
0000090d  SysCtlDelay                    
00000819  SysCtlPeripheralEnable         
20000200  __STACK_END                    
00000200  __STACK_SIZE                   
20000200  __STACK_TOP                    
000009a0  __TI_CINIT_Base                
000009a8  __TI_CINIT_Limit               
00000998  __TI_Handler_Table_Base        
000009a0  __TI_Handler_Table_Limit       
00000641  __TI_auto_init                 
20000200  __TI_cleanup_ptr               
000006b1  __TI_decompress_lzss           
000008ed  __TI_decompress_none           
20000204  __TI_dtors_ptr                 
20000208  __TI_enable_exit_profile_output
ffffffff  __TI_pprof_out_hndl            
ffffffff  __TI_prof_data_size            
ffffffff  __TI_prof_data_start           
00000000  __TI_static_base__             
000005a5  __aeabi_memcpy                 
000005a5  __aeabi_memcpy4                
000005a5  __aeabi_memcpy8                
ffffffff  __binit__                      
ffffffff  __c_args__                     
UNDEFED   __mpu_init                     
20000000  __stack                        
000008c1  _args_main                     
0000084d  _c_int00                       
2000020c  _lock                          
000008e7  _nop                           
000008df  _register_lock                 
000008d9  _register_unlock               
0000039f  _system_post_cinit             
00000913  _system_pre_init               
20000210  _unlock                        
0000077d  abort                          
ffffffff  binit                          
000007cd  copy_in                        
00000785  exit                           
00000000  g_pfnVectors                   
00000719  main                           
000005a5  memcpy                         


GLOBAL SYMBOLS: SORTED BY Symbol Address 

address   name                           
-------   ----                           
00000000  __TI_static_base__             
00000000  g_pfnVectors                   
00000200  __STACK_SIZE                   
0000026d  GPIOPadConfigSet               
0000039f  _system_post_cinit             
000003a1  SysCtlClockGet                 
000004b1  SysCtlClockSet                 
000005a5  __aeabi_memcpy                 
000005a5  __aeabi_memcpy4                
000005a5  __aeabi_memcpy8                
000005a5  memcpy                         
00000641  __TI_auto_init                 
000006b1  __TI_decompress_lzss           
00000719  main                           
00000779  C$$EXIT                        
0000077d  abort                          
00000785  exit                           
000007cd  copy_in                        
00000819  SysCtlPeripheralEnable         
0000084d  _c_int00                       
0000087d  GPIODirModeSet                 
000008a9  GPIOPinTypeGPIOOutput          
000008c1  _args_main                     
000008d9  _register_unlock               
000008df  _register_lock                 
000008e7  _nop                           
000008ed  __TI_decompress_none           
000008fb  ResetISR                       
00000907  GPIOPinWrite                   
0000090d  SysCtlDelay                    
00000913  _system_pre_init               
00000998  __TI_Handler_Table_Base        
000009a0  __TI_CINIT_Base                
000009a0  __TI_Handler_Table_Limit       
000009a8  __TI_CINIT_Limit               
20000000  __stack                        
20000200  __STACK_END                    
20000200  __STACK_TOP                    
20000200  __TI_cleanup_ptr               
20000204  __TI_dtors_ptr                 
20000208  __TI_enable_exit_profile_output
2000020c  _lock                          
20000210  _unlock                        
ffffffff  __TI_pprof_out_hndl            
ffffffff  __TI_prof_data_size            
ffffffff  __TI_prof_data_start           
ffffffff  __binit__                      
ffffffff  __c_args__                     
ffffffff  binit                          
UNDEFED   SHT$$INIT_ARRAY$$Base          
UNDEFED   SHT$$INIT_ARRAY$$Limit         
UNDEFED   __mpu_init                     

[52 symbols]
